<?xml version="1.0" encoding="UTF-8"?>
<testsuites name="jest tests" tests="2" failures="0" errors="0" time="0.57">
  <testsuite name="undefined" errors="0" failures="0" skipped="0" timestamp="2024-04-16T07:23:16" time="0.335" tests="2">
    <testcase classname=" calls the onClick handler when the button is clicked" name=" calls the onClick handler when the button is clicked" time="0.015">
    </testcase>
    <testcase classname=" does not call the onClick handler when the button is clicked and disabled prop is true" name=" does not call the onClick handler when the button is clicked and disabled prop is true" time="0.002">
    </testcase>
  </testsuite>
</testsuites>